// Jest Snapshot v1, https://goo.gl/fbAQLP

exports[`Test Home should render properly 1`] = `
<ContextProvider
  value={
    Object {
      "store": Object {
        "clearActions": [Function],
        "dispatch": [Function],
        "getActions": [Function],
        "getState": [Function],
        "replaceReducer": [Function],
        "subscribe": [Function],
      },
      "subscription": Subscription {
        "handleChangeWrapper": [Function],
        "listeners": Object {
          "notify": [Function],
        },
        "onStateChange": [Function],
        "parentSub": undefined,
        "store": Object {
          "clearActions": [Function],
          "dispatch": [Function],
          "getActions": [Function],
          "getState": [Function],
          "replaceReducer": [Function],
          "subscribe": [Function],
        },
        "unsubscribe": null,
      },
    }
  }
>
  <Home
    data={
      Object {
        "data": Array [
          Object {
            "age": 21,
            "birthday": "feb 04 2304 tue utc",
            "firstName": "James",
            "lastName": "James",
          },
        ],
        "errors": null,
        "loading": false,
      }
    }
    eachData={
      Object {
        "data": Array [
          Object {
            "age": 21,
            "birthday": "feb 04 2304 tue utc",
            "firstName": "James",
            "lastName": "James",
          },
        ],
        "errors": null,
        "loading": false,
      }
    }
    getEachPersonFiledRequest={[MockFunction]}
    getPeopleRequest={[MockFunction]}
  >
    <div
      className="home"
    />
  </Home>
</ContextProvider>
`;
