// Jest Snapshot v1, https://goo.gl/fbAQLP

exports[`Footer Component should mount the Footer wrapper 1`] = `
<Footer>
  <div
    className="footer"
  >
    <h4
      className="footer_fonts"
    >
      Copyright Â© Star Wars
      2020
    </h4>
  </div>
</Footer>
`;
