// Jest Snapshot v1, https://goo.gl/fbAQLP

exports[`Spinner Component should mount the spinner wrapper 1`] = `
<Spinner>
  <div
    className="spinner"
  >
    <div
      className="spinner-sector spinner-sector-one"
    />
    <div
      className="spinner-sector spinner-sector-two"
    />
    <div
      className="spinner-sector spinner-sector-three"
    />
  </div>
</Spinner>
`;
